Using Python 3.13.5 environment at: /Users/yut0takagi/.local/share/virtualenvs/app_list-gsZIkgBe
Resolved 4 packages in 123ms
Downloading plotly (16.5MiB)
Downloading streamlit (8.3MiB)
   Building pandas==2.2.2
 Downloading streamlit
 Downloading plotly
      Built pandas==2.2.2
Prepared 3 packages in 1m 13s
Uninstalled 37 packages in 1.10s
Installed 4 packages in 492ms
 - altair==5.5.0
 - attrs==25.3.0
 - blinker==1.9.0
 - cachetools==6.1.0
 - certifi==2025.8.3
 - charset-normalizer==3.4.3
 - click==8.2.1
 - gitdb==4.0.12
 - gitpython==3.1.45
 - idna==3.10
 - jinja2==3.1.6
 - jsonschema==4.25.0
 - jsonschema-specifications==2025.4.1
 - markupsafe==3.0.2
 - narwhals==2.1.0
 - numpy==2.3.2
 + numpy==1.26.4
 - packaging==25.0
 - pandas==2.3.1
 + pandas==2.2.2
 - pillow==11.3.0
 - plotly==6.2.0
 + plotly==5.23.0
 - protobuf==6.31.1
 - pyarrow==21.0.0
 - pydeck==0.9.1
 - python-dateutil==2.9.0.post0
 - pytz==2025.2
 - referencing==0.36.2
 - requests==2.32.4
 - rpds-py==0.27.0
 - six==1.17.0
 - smmap==5.0.2
 - streamlit==1.48.0
 + streamlit==1.37.1
 - tenacity==9.1.2
 - toml==0.10.2
 - tornado==6.5.2
 - typing-extensions==4.14.1
 - tzdata==2025.2
 - urllib3==2.5.0

$ uv pip sync requirements.txt
